Resource Report
Microchip Technology Inc. - Microchip Libero Software Release v2023.2 (Version 2023.2.0.8)
Date: Wed Jan 31 16:43:28 2024

Device Selection
+--------------------------------+----------------+
| Family                         | SmartFusion2   |
| Device                         | M2S025         |
| Package                        | 256 VF         |
| Speed Grade                    | -1             |
| Temp                           | -40:25:100     |
| Voltage                        | 1.26:1.20:1.14 |
| Core Voltage                   | 1.2V           |
| Ramp Rate                      | 100ms Minimum  |
| System Controller Suspend Mode | No             |
| PLL Supply Voltage             | 2.5V           |
| Default I/O technology         | LVCMOS 3.3V    |
| Restrict Probe Pins            | No             |
| Restrict SPI Pins              | No             |
+--------------------------------+----------------+

Source Files
+---------+---------------------------------------------------------------------------------------+
| Topcell | EvalBoardSandbox                                                                      |
| Format  | Verilog                                                                               |
| Source  | C:\Users\SKaye\repos\firmware\DMInterface\LiberoProject\synthesis\EvalBoardSandbox.vm |
+---------+---------------------------------------------------------------------------------------+

Options
+----------------------------------------------------+-------+
| Enable Single Event Transient mitigation           | false |
| Enable Design Separation Methodology               | false |
| Limit the number of high fanout nets to display to | 10    |
+----------------------------------------------------+-------+

Resource Usage
+---------------------------+------+-------+------------+
| Type                      | Used | Total | Percentage |
+---------------------------+------+-------+------------+
| 4LUT                      | 218  | 27696 | 0.79       |
| DFF                       | 153  | 27696 | 0.55       |
| I/O Register              | 0    | 414   | 0.00       |
| User I/O                  | 39   | 138   | 28.26      |
| -- Single-ended I/O       | 39   | 138   | 28.26      |
| -- Differential I/O Pairs | 0    | 65    | 0.00       |
| RAM64x18                  | 0    | 34    | 0.00       |
| RAM1K18                   | 0    | 31    | 0.00       |
| MACC                      | 0    | 34    | 0.00       |
| Chip Globals              | 4    | 16    | 25.00      |
| CCC                       | 1    | 6     | 16.67      |
| RCOSC_25_50MHZ            | 1    | 1     | 100.00     |
| RCOSC_1MHZ                | 0    | 1     | 0.00       |
| XTLOSC                    | 0    | 1     | 0.00       |
| MSS                       | 1    | 1     | 100.00     |
+---------------------------+------+-------+------------+

Detailed Logic Resource Usage
+--------------------------+------+-----+
| Type                     | 4LUT | DFF |
+--------------------------+------+-----+
| Fabric Logic             | 218  | 153 |
| RAM64x18 Interface Logic | 0    | 0   |
| RAM1K18 Interface Logic  | 0    | 0   |
| MACC Interface Logic     | 0    | 0   |
| Total Used               | 218  | 153 |
+--------------------------+------+-----+

MSS Resource Usage
+---------------+------+-------+
| Type          | Used | Total |
+---------------+------+-------+
| Cortex-M3*    | 1    | 1     |
| eNVM (256KB)* | 1    | 1     |
| eSRAM*        | 2    | 2     |
| TIMER*        | 2    | 2     |
| CAN           | 0    | 1     |
| SPI           | 0    | 2     |
| I2C           | 0    | 2     |
| UART          | 0    | 2     |
| USB           | 0    | 1     |
| MAC           | 0    | 1     |
| MDDR          | 0    | 1     |
| HPDMA         | 1    | 1     |
| PDMA          | 1    | 1     |
+---------------+------+-------+

* These resources are always marked as used when you are using the MSS

Detailed Carry Chains Resource Usage
+--------+------+
| Length | Used |
| 5      | 2    |
| 9      | 1    |
| 14     | 1    |
| Total  | 4    |
+--------+------+

I/O Function
+-------------------------------+--------------+-------------+-----------------+
| Type                          | w/o register | w/ register | w/ DDR register |
+-------------------------------+--------------+-------------+-----------------+
| Input I/O                     | 1            | 0           | 0               |
| Output I/O                    | 38           | 0           | 0               |
| Bidirectional I/O             | 0            | 0           | 0               |
| Differential Input I/O Pairs  | 0            | 0           | 0               |
| Differential Output I/O Pairs | 0            | 0           | 0               |
+-------------------------------+--------------+-------------+-----------------+

I/O Technology
+--------------+--------+------+-------+--------+---------------+
| I/O Standard | Vddi   | Vref | Input | Output | Bidirectional |
+--------------+--------+------+-------+--------+---------------+
| LVCMOS33     |  3.30v |  N/A |  1    |  38    |  0            |
+--------------+--------+------+-------+--------+---------------+

Nets assigned to chip global resources
+--------+---------+--------------------------------------------------------------------------------+
| Fanout | Type    | Name                                                                           |
+--------+---------+--------------------------------------------------------------------------------+
| 148    | INT_NET | Net   : EvalSandbox_MSS_0_FIC_0_CLK                                            |
|        |         | Driver: EvalSandbox_MSS_0/CCC_0/GL0_INST/U0_RGB1                               |
|        |         | Source: NETLIST                                                                |
| 24     | INT_NET | Net   : EvalSandbox_MSS_0/EvalSandbox_MSS_MSS_0/GPIO_1_M2F_arst                |
|        |         | Driver: EvalSandbox_MSS_0/EvalSandbox_MSS_MSS_0/MSS_ADLIB_INST_RNI9OK7/U0_RGB1 |
|        |         | Source: NETLIST                                                                |
| 12     | INT_NET | Net   : SpiMasterSextetPorts_0/un1_rst_7_arst                                  |
|        |         | Driver: SpiMasterSextetPorts_0/un1_rst_1_RNI6J8A/U0_RGB1                       |
|        |         | Source: NETLIST                                                                |
| 12     | INT_NET | Net   : SpiMasterSextetPorts_0/un1_rst_12_arst                                 |
|        |         | Driver: SpiMasterSextetPorts_0/un1_rst_12_RNIOQR2/U0_RGB1                      |
|        |         | Source: NETLIST                                                                |
+--------+---------+--------------------------------------------------------------------------------+

Nets assigned to row global resources
+--------+------+------+
| Fanout | Type | Name |
+--------+------+------+
+--------+------+------+

High fanout nets
+--------+---------+---------------------------------------------------------------------------------------------------+
| Fanout | Type    | Name                                                                                              |
+--------+---------+---------------------------------------------------------------------------------------------------+
| 29     | INT_NET | Net   : CoreUARTapb_C0_0/CoreUARTapb_C0_0/CUARTlOlI/CUARTIl                                       |
|        |         | Driver: CoreUARTapb_C0_0/CoreUARTapb_C0_0/CUARTlOlI/CUARTOO1/genblk1.CUARTI0                      |
| 17     | INT_NET | Net   : EvalSandbox_MSS_0_AMBA_SLAVE_0_PADDR[4]                                                   |
|        |         | Driver: EvalSandbox_MSS_0/EvalSandbox_MSS_MSS_0/MSS_ADLIB_INST                                    |
| 17     | INT_NET | Net   : EvalSandbox_MSS_0_AMBA_SLAVE_0_PADDR[3]                                                   |
|        |         | Driver: EvalSandbox_MSS_0/EvalSandbox_MSS_MSS_0/MSS_ADLIB_INST                                    |
| 14     | INT_NET | Net   : EvalSandbox_MSS_0_AMBA_SLAVE_0_PADDR[2]                                                   |
|        |         | Driver: EvalSandbox_MSS_0/EvalSandbox_MSS_MSS_0/MSS_ADLIB_INST                                    |
| 14     | INT_NET | Net   : EvalSandbox_MSS_0_AMBA_SLAVE_0_PSELx                                                      |
|        |         | Driver: EvalSandbox_MSS_0/CoreAPB3_0/iPSELS[0]                                                    |
| 14     | INT_NET | Net   : CoreUARTapb_C0_0/CoreUARTapb_C0_0/CUARTlOlI/CUARTOO1/CUARTO07_1_RNI3H8P1_Y                |
|        |         | Driver: CoreUARTapb_C0_0/CoreUARTapb_C0_0/CUARTlOlI/CUARTOO1/genblk1.CUARTIOI.CUARTO07_1_RNI3H8P1 |
| 13     | INT_NET | Net   : CoreUARTapb_C0_0/CoreUARTapb_C0_0/CUARTII1                                                |
|        |         | Driver: CoreUARTapb_C0_0/CoreUARTapb_C0_0/CUARTO1OI[0]                                            |
| 12     | INT_NET | Net   : SpiMasterSextetPorts_0/un1_MosiA_i_0_sqmuxa_1_i[0]                                        |
|        |         | Driver: SpiMasterSextetPorts_0/MosiA_i_0_sqmuxa_0_RNIOMUI2                                        |
| 12     | INT_NET | Net   : CoreUARTapb_C0_0/CoreUARTapb_C0_0/CUARTlI1                                                |
|        |         | Driver: CoreUARTapb_C0_0/CoreUARTapb_C0_0/CUARTO1OI[1]                                            |
| 12     | INT_NET | Net   : CoreUARTapb_C0_0/CoreUARTapb_C0_0/CUARTlOlI/CUARTll                                       |
|        |         | Driver: CoreUARTapb_C0_0/CoreUARTapb_C0_0/CUARTlOlI/CUARTOO1/CUARTll                              |
+--------+---------+---------------------------------------------------------------------------------------------------+

High fanout nets (through buffer trees)
+--------+---------+---------------------------------------------------------------------------------------------------+
| Fanout | Type    | Name                                                                                              |
+--------+---------+---------------------------------------------------------------------------------------------------+
| 29     | INT_NET | Net   : CoreUARTapb_C0_0/CoreUARTapb_C0_0/CUARTlOlI/CUARTIl                                       |
|        |         | Driver: CoreUARTapb_C0_0/CoreUARTapb_C0_0/CUARTlOlI/CUARTOO1/genblk1.CUARTI0                      |
| 17     | INT_NET | Net   : EvalSandbox_MSS_0_AMBA_SLAVE_0_PADDR[4]                                                   |
|        |         | Driver: EvalSandbox_MSS_0/EvalSandbox_MSS_MSS_0/MSS_ADLIB_INST                                    |
| 17     | INT_NET | Net   : EvalSandbox_MSS_0_AMBA_SLAVE_0_PADDR[3]                                                   |
|        |         | Driver: EvalSandbox_MSS_0/EvalSandbox_MSS_MSS_0/MSS_ADLIB_INST                                    |
| 14     | INT_NET | Net   : EvalSandbox_MSS_0_AMBA_SLAVE_0_PADDR[2]                                                   |
|        |         | Driver: EvalSandbox_MSS_0/EvalSandbox_MSS_MSS_0/MSS_ADLIB_INST                                    |
| 14     | INT_NET | Net   : EvalSandbox_MSS_0_AMBA_SLAVE_0_PSELx                                                      |
|        |         | Driver: EvalSandbox_MSS_0/CoreAPB3_0/iPSELS[0]                                                    |
| 14     | INT_NET | Net   : CoreUARTapb_C0_0/CoreUARTapb_C0_0/CUARTlOlI/CUARTOO1/CUARTO07_1_RNI3H8P1_Y                |
|        |         | Driver: CoreUARTapb_C0_0/CoreUARTapb_C0_0/CUARTlOlI/CUARTOO1/genblk1.CUARTIOI.CUARTO07_1_RNI3H8P1 |
| 13     | INT_NET | Net   : CoreUARTapb_C0_0/CoreUARTapb_C0_0/CUARTII1                                                |
|        |         | Driver: CoreUARTapb_C0_0/CoreUARTapb_C0_0/CUARTO1OI[0]                                            |
| 12     | INT_NET | Net   : SpiMasterSextetPorts_0/un1_MosiA_i_0_sqmuxa_1_i[0]                                        |
|        |         | Driver: SpiMasterSextetPorts_0/MosiA_i_0_sqmuxa_0_RNIOMUI2                                        |
| 12     | INT_NET | Net   : CoreUARTapb_C0_0/CoreUARTapb_C0_0/CUARTlI1                                                |
|        |         | Driver: CoreUARTapb_C0_0/CoreUARTapb_C0_0/CUARTO1OI[1]                                            |
| 12     | INT_NET | Net   : CoreUARTapb_C0_0/CoreUARTapb_C0_0/CUARTlOlI/CUARTll                                       |
|        |         | Driver: CoreUARTapb_C0_0/CoreUARTapb_C0_0/CUARTlOlI/CUARTOO1/CUARTll                              |
+--------+---------+---------------------------------------------------------------------------------------------------+

