----------------------------------------------------------------
-Pin Report - Date: Tue Mar 12 14:39:30 2024 Pinchecksum: NOT-AVAILABLE
-Product: Designer
-Release: v2023.2 SP1
-Version: 2023.2.0.10
-Design Name: Ux2FPGA
-Family: SmartFusion2
-Die: M2S025
-Package: 256 VF
-----------------------------------------------------------------

Port        |Pin |Fixed |Function                                   |Bank     |I/O Std   |Direction                      |I/O state in Flash*Freeze mode |Resistor Pull                      |I/O available in Flash*Freeze mode |Schmitt Trigger |Odt_Static    |Odt Imp (Ohm)  |Low Power Exit |Input Delay |Slew         |Pre-Emphasis      |Output Drive (mA) |Output Load (pF) |
------------|----|------|-------------------------------------------|---------|----------|-------------------------------|-------------------------------|-----------------------------------|-----------------------------------|----------------|--------------|---------------|---------------|------------|-------------|------------------|------------------|-----------------|
CLK0         H16  Yes    MSIO11NB2/I2C_1_SCL/GPIO_1_A/CCC_NE1_CLKI0  Bank2     LVCMOS33   Input                           TRISTATE                        None                                No                                  Off              ---            ---             Off             Off          ---           ---                ---                ---               
MisoA        N14  Yes    MSIO2PB2/USB_STP_B                          Bank2     LVCMOS33   Input                           TRISTATE                        None                                No                                  Off              ---            ---             Off             Off          ---           ---                ---                ---               
MisoB        N16  Yes    MSIO1PB2/USB_XCLK_B                         Bank2     LVCMOS33   Input                           TRISTATE                        None                                No                                  Off              ---            ---             Off             Off          ---           ---                ---                ---               
MisoC        P10  Yes    MSIO133PB4/GB15/VCCC_SE1_CLKI               Bank4     LVCMOS33   Input                           TRISTATE                        None                                No                                  Off              ---            ---             Off             Off          ---           ---                ---                ---               
MisoD        T9   Yes    MSIO130PB4/VCCC_SE0_CLKI                    Bank4     LVCMOS33   Input                           TRISTATE                        None                                No                                  Off              ---            ---             Off             Off          ---           ---                ---                ---               
MisoE        R8   Yes    MSIO126PB4                                  Bank4     LVCMOS33   Input                           TRISTATE                        None                                No                                  Off              ---            ---             Off             Off          ---           ---                ---                ---               
MisoF        G5   Yes    MSIO95PB7                                   Bank7     LVCMOS33   Input                           TRISTATE                        None                                No                                  Off              ---            ---             Off             Off          ---           ---                ---                ---               
MisoMon0     H12  Yes    MSIO27NB1/MMUART_1_TXD/GPIO_24_B            Bank1     LVCMOS33   Input                           TRISTATE                        None                                No                                  Off              ---            ---             Off             Off          ---           ---                ---                ---               
MisoMon1     G12  Yes    MSI32NB1/MMUART_0_TXD/GPIO_27_B             Bank1     LVCMOS33   Input                           TRISTATE                        None                                No                                  Off              ---            ---             Off             Off          ---           ---                ---                ---               
MosiA        L13  Yes    MSIO5NB2/USB_DATA5_B                        Bank2     LVCMOS33   Output                          TRISTATE                        None                                No                                  ---              ---            ---             ---             ---          ---           ---                4                  5                 
MosiB        N15  Yes    MSIO0NB2/USB_DATA7_B                        Bank2     LVCMOS33   Output                          TRISTATE                        None                                No                                  ---              ---            ---             ---             ---          ---           ---                4                  5                 
MosiC        R10  Yes    MSIO131NB4                                  Bank4     LVCMOS33   Output                          TRISTATE                        None                                No                                  ---              ---            ---             ---             ---          ---           ---                4                  5                 
MosiD        R9   Yes    MSIO130NB4                                  Bank4     LVCMOS33   Output                          TRISTATE                        None                                No                                  ---              ---            ---             ---             ---          ---           ---                4                  5                 
MosiE        T8   Yes    MSIO122NB4                                  Bank4     LVCMOS33   Output                          TRISTATE                        None                                No                                  ---              ---            ---             ---             ---          ---           ---                4                  5                 
MosiF        G3   Yes    MSIO98PB7/CCC_NW1_CLKI0                     Bank7     LVCMOS33   Output                          TRISTATE                        None                                No                                  ---              ---            ---             ---             ---          ---           ---                4                  5                 
MosiMonAdc   M10  Yes    MSIO132NB4                                  Bank4     LVCMOS33   Output                          TRISTATE                        None                                No                                  ---              ---            ---             ---             ---          ---           ---                4                  5                 
nCsA         P12  Yes    MSIO143PB4                                  Bank4     LVCMOS33   Output                          TRISTATE                        None                                No                                  ---              ---            ---             ---             ---          ---           ---                4                  5                 
nCsB         R11  Yes    MSIO134NB4                                  Bank4     LVCMOS33   Output                          TRISTATE                        None                                No                                  ---              ---            ---             ---             ---          ---           ---                4                  5                 
nCsC         M9   Yes    MSIO132PB4                                  Bank4     LVCMOS33   Output                          TRISTATE                        None                                No                                  ---              ---            ---             ---             ---          ---           ---                4                  5                 
nCsD         P7   Yes    MSIO121NB4/PROBE_B                          Bank4     LVCMOS33   Output                          TRISTATE                        None                                No                                  ---              ---            ---             ---             ---          ---           ---                4                  5                 
nCsE         T6   Yes    MSIO120NB4/CCC_SW0_CLKI2                    Bank4     LVCMOS33   Output                          TRISTATE                        None                                No                                  ---              ---            ---             ---             ---          ---           ---                4                  5                 
nCsF         H4   Yes    MSIO99NB7                                   Bank7     LVCMOS33   Output                          TRISTATE                        None                                No                                  ---              ---            ---             ---             ---          ---           ---                4                  5                 
nCsMonAdc    G16  Yes    MSIO14NB2/SPI_0_SS5/GPIO_20_A               Bank2     LVCMOS33   Output                          TRISTATE                        None                                No                                  ---              ---            ---             ---             ---          ---           ---                4                  5                 
PAD_IN_0[0]  M16  Yes    MSIO1NB2/USB_DIR_B                          Bank2     LVCMOS33   Input                           TRISTATE                        None                                No                                  Off              ---            ---             Off             Off          ---           ---                ---                ---               
PAD_IN_0[1]  K16  Yes    MSIO4PB2/USB_DATA2_B                        Bank2     LVCMOS33   Input                           TRISTATE                        None                                No                                  Off              ---            ---             Off             Off          ---           ---                ---                ---               
PAD_IN_0[2]  K14  Yes    MSIO6PB2/USB_DATA6_B                        Bank2     LVCMOS33   Input                           TRISTATE                        None                                No                                  Off              ---            ---             Off             Off          ---           ---                ---                ---               
PAD_IN_0[3]  J16  Yes    MSIO11PB2/I2C_1_SDA/GPIO_0_A/CCC_NE0_CLKI0  Bank2     LVCMOS33   Input                           TRISTATE                        None                                No                                  Off              ---            ---             Off             Off          ---           ---                ---                ---               
PAD_IN_0[4]  J12  Yes    MSIO13NB2/SPI_0_SS0/GPIO_7_A                Bank2     LVCMOS33   Input                           TRISTATE                        None                                No                                  Off              ---            ---             Off             Off          ---           ---                ---                ---               
PAD_IN_0[5]  G14  Yes    MSIO15NB2/SPI_0_SS7/GPIO_22_A               Bank2     LVCMOS33   Input                           TRISTATE                        None                                No                                  Off              ---            ---             Off             Off          ---           ---                ---                ---               
PAD_IN_0[6]  H13  Yes    MSIO28NB1/MMUART_1_RXD/GPIO_26_B            Bank1     LVCMOS33   Input                           TRISTATE                        None                                No                                  Off              ---            ---             Off             Off          ---           ---                ---                ---               
PAD_IN_0[7]  N8   Yes    MSIO129PB4/CCC_SW1_CLKI3                    Bank4     LVCMOS33   Input                           TRISTATE                        None                                No                                  Off              ---            ---             Off             Off          ---           ---                ---                ---               
PAD_IN_0[8]  R13  Yes    MSIO145NB4                                  Bank4     LVCMOS33   Input                           TRISTATE                        None                                No                                  Off              ---            ---             Off             Off          ---           ---                ---                ---               
PAD_OUT[0]   F3   Yes    MSIO96NB7                                   Bank7     LVCMOS33   Output                          TRISTATE                        None                                No                                  ---              ---            ---             ---             ---          ---           ---                4                  5                 
PAD_OUT[1]   H3   Yes    MSIO99PB7/CCC_NW0_CLKI0                     Bank7     LVCMOS33   Output                          TRISTATE                        None                                No                                  ---              ---            ---             ---             ---          ---           ---                4                  5                 
PAD_OUT[2]   F5   Yes    MSIO95NB7                                   Bank7     LVCMOS33   Output                          TRISTATE                        None                                No                                  ---              ---            ---             ---             ---          ---           ---                4                  5                 
PAD_OUT[3]   J13  Yes    MSIO12NB2/SPI_0_SDI/GPIO_5_A                Bank2     LVCMOS33   Output                          TRISTATE                        None                                No                                  ---              ---            ---             ---             ---          ---           ---                4                  5                 
RX           T12  Yes    MSIO138PB4                                  Bank4     LVCMOS33   Input                           TRISTATE                        Down                                No                                  Off              ---            ---             Off             Off          ---           ---                ---                ---               
SckADCs      F2   Yes    MSIO97NB7                                   Bank7     LVCMOS33   Output                          TRISTATE                        None                                No                                  ---              ---            ---             ---             ---          ---           ---                4                  5                 
SckMonAdc    J14  Yes    MSIO12PB2/SPI_0_CLK                         Bank2     LVCMOS33   Output                          TRISTATE                        None                                No                                  ---              ---            ---             ---             ---          ---           ---                4                  5                 
test[1]      H5   Yes    MSIOD100PB6/GB5/CCC_SW1_CLKI1               Bank6     LVCMOS25   Output                          TRISTATE                        None                                No                                  ---              ---            ---             ---             ---          SLOW          ---                4                  5                 
test[2]      H1   Yes    MSIOD103PB6/CCC_SW0_CLKI0                   Bank6     LVCMOS25   Output                          TRISTATE                        None                                No                                  ---              ---            ---             ---             ---          SLOW          ---                4                  5                 
test[3]      J3   Yes    MSIOD102PB6/CCC_SW1_CLKI0                   Bank6     LVCMOS25   Output                          TRISTATE                        None                                No                                  ---              ---            ---             ---             ---          SLOW          ---                4                  5                 
test[4]      J5   Yes    MSIOD101PB6/GB1/CCC_SW0_CLKI1               Bank6     LVCMOS25   Output                          TRISTATE                        None                                No                                  ---              ---            ---             ---             ---          SLOW          ---                4                  5                 
test[5]      J1   Yes    MSIOD118PB5                                 Bank5     LVCMOS25   Output                          TRISTATE                        None                                No                                  ---              ---            ---             ---             ---          SLOW          ---                4                  5                 
test[6]      J2   Yes    MSIOD118NB5                                 Bank5     LVCMOS25   Output                          TRISTATE                        None                                No                                  ---              ---            ---             ---             ---          SLOW          ---                4                  5                 
test[7]      K1   Yes    MSIOD119NB5                                 Bank5     LVCMOS25   Output                          TRISTATE                        None                                No                                  ---              ---            ---             ---             ---          SLOW          ---                4                  5                 
test[8]      L1   Yes    MSIOD119PB5                                 Bank5     LVCMOS25   Output                          TRISTATE                        None                                No                                  ---              ---            ---             ---             ---          SLOW          ---                4                  5                 
Tx[0]        R12  Yes    MSIO138NB4                                  Bank4     LVCMOS33   Output                          TRISTATE                        None                                No                                  ---              ---            ---             ---             ---          ---           ---                4                  5                 
